<?xml version="1.0" encoding="ISO-8859-1" ?>
<link_info>
   <banner>TI ARM Linker PC v20.2.1.LTS</banner>
   <copyright>Copyright (c) 1996-2018 Texas Instruments Incorporated</copyright>
   <link_time>0x5eb23c83</link_time>
   <link_errors>0x0</link_errors>
   <output_file>e_stop_3.out</output_file>
   <entry_point>
      <name>_c_int00_noargs</name>
      <address>0xc55</address>
   </entry_point>
   <input_file_list>
      <input_file id="fl-2">
         <path>.\</path>
         <kind>object</kind>
         <file>main.obj</file>
         <name>main.obj</name>
      </input_file>
      <input_file id="fl-3">
         <path>.\</path>
         <kind>object</kind>
         <file>tm4c123gh6pm_startup_ccs.obj</file>
         <name>tm4c123gh6pm_startup_ccs.obj</name>
      </input_file>
      <input_file id="fl-4">
         <path>.\utils\</path>
         <kind>object</kind>
         <file>uartstdio.obj</file>
         <name>uartstdio.obj</name>
      </input_file>
      <input_file id="fl-9">
         <kind>object</kind>
         <file>&lt;internal&gt;</file>
         <name>&lt;internal&gt;</name>
      </input_file>
      <input_file id="fl-bf">
         <path>E:\Jordan\ccs\tools\compiler\ti-cgt-arm_20.2.1.LTS\lib\</path>
         <kind>archive</kind>
         <file>rtsv7M4_T_le_v4SPD16_eabi.lib</file>
         <name>u_divt2.asm.obj</name>
      </input_file>
      <input_file id="fl-c0">
         <path>E:\Jordan\ccs\tools\compiler\ti-cgt-arm_20.2.1.LTS\lib\</path>
         <kind>archive</kind>
         <file>rtsv7M4_T_le_v4SPD16_eabi.lib</file>
         <name>copy_zero_init.c.obj</name>
      </input_file>
      <input_file id="fl-c1">
         <path>E:\Jordan\ccs\tools\compiler\ti-cgt-arm_20.2.1.LTS\lib\</path>
         <kind>archive</kind>
         <file>rtsv7M4_T_le_v4SPD16_eabi.lib</file>
         <name>copy_decompress_none.c.obj</name>
      </input_file>
      <input_file id="fl-c2">
         <path>E:\Jordan\ccs\tools\compiler\ti-cgt-arm_20.2.1.LTS\lib\</path>
         <kind>archive</kind>
         <file>rtsv7M4_T_le_v4SPD16_eabi.lib</file>
         <name>copy_decompress_lzss.c.obj</name>
      </input_file>
      <input_file id="fl-c3">
         <path>E:\Jordan\ccs\tools\compiler\ti-cgt-arm_20.2.1.LTS\lib\</path>
         <kind>archive</kind>
         <file>rtsv7M4_T_le_v4SPD16_eabi.lib</file>
         <name>boot_cortex_m.c.obj</name>
      </input_file>
      <input_file id="fl-c4">
         <path>E:\Jordan\ccs\tools\compiler\ti-cgt-arm_20.2.1.LTS\lib\</path>
         <kind>archive</kind>
         <file>rtsv7M4_T_le_v4SPD16_eabi.lib</file>
         <name>div0.asm.obj</name>
      </input_file>
      <input_file id="fl-c5">
         <path>E:\Jordan\ccs\tools\compiler\ti-cgt-arm_20.2.1.LTS\lib\</path>
         <kind>archive</kind>
         <file>rtsv7M4_T_le_v4SPD16_eabi.lib</file>
         <name>memset_t2.asm.obj</name>
      </input_file>
      <input_file id="fl-c6">
         <path>E:\Jordan\ccs\tools\compiler\ti-cgt-arm_20.2.1.LTS\lib\</path>
         <kind>archive</kind>
         <file>rtsv7M4_T_le_v4SPD16_eabi.lib</file>
         <name>memcpy_t2.asm.obj</name>
      </input_file>
      <input_file id="fl-c7">
         <path>E:\Jordan\ccs\tools\compiler\ti-cgt-arm_20.2.1.LTS\lib\</path>
         <kind>archive</kind>
         <file>rtsv7M4_T_le_v4SPD16_eabi.lib</file>
         <name>autoinit.c.obj</name>
      </input_file>
      <input_file id="fl-c8">
         <path>E:\Jordan\ccs\tools\compiler\ti-cgt-arm_20.2.1.LTS\lib\</path>
         <kind>archive</kind>
         <file>rtsv7M4_T_le_v4SPD16_eabi.lib</file>
         <name>pre_init.c.obj</name>
      </input_file>
      <input_file id="fl-c9">
         <path>E:\Jordan\ccs\tools\compiler\ti-cgt-arm_20.2.1.LTS\lib\</path>
         <kind>archive</kind>
         <file>rtsv7M4_T_le_v4SPD16_eabi.lib</file>
         <name>cpy_tbl.c.obj</name>
      </input_file>
      <input_file id="fl-ca">
         <path>E:\Jordan\ccs\tools\compiler\ti-cgt-arm_20.2.1.LTS\lib\</path>
         <kind>archive</kind>
         <file>rtsv7M4_T_le_v4SPD16_eabi.lib</file>
         <name>exit.c.obj</name>
      </input_file>
      <input_file id="fl-cb">
         <path>E:\Jordan\ccs\tools\compiler\ti-cgt-arm_20.2.1.LTS\lib\</path>
         <kind>archive</kind>
         <file>rtsv7M4_T_le_v4SPD16_eabi.lib</file>
         <name>_lock.c.obj</name>
      </input_file>
      <input_file id="fl-cc">
         <path>E:\Jordan\ccs\tools\compiler\ti-cgt-arm_20.2.1.LTS\lib\</path>
         <kind>archive</kind>
         <file>rtsv7M4_T_le_v4SPD16_eabi.lib</file>
         <name>args_main.c.obj</name>
      </input_file>
      <input_file id="fl-cd">
         <path>C:\ti\tivaware_c_series_2_1_4_178\driverlib\ccs\Debug\</path>
         <kind>archive</kind>
         <file>driverlib.lib</file>
         <name>fpu.obj</name>
      </input_file>
      <input_file id="fl-ce">
         <path>C:\ti\tivaware_c_series_2_1_4_178\driverlib\ccs\Debug\</path>
         <kind>archive</kind>
         <file>driverlib.lib</file>
         <name>gpio.obj</name>
      </input_file>
      <input_file id="fl-cf">
         <path>C:\ti\tivaware_c_series_2_1_4_178\driverlib\ccs\Debug\</path>
         <kind>archive</kind>
         <file>driverlib.lib</file>
         <name>interrupt.obj</name>
      </input_file>
      <input_file id="fl-d0">
         <path>C:\ti\tivaware_c_series_2_1_4_178\driverlib\ccs\Debug\</path>
         <kind>archive</kind>
         <file>driverlib.lib</file>
         <name>sysctl.obj</name>
      </input_file>
      <input_file id="fl-d1">
         <path>C:\ti\tivaware_c_series_2_1_4_178\driverlib\ccs\Debug\</path>
         <kind>archive</kind>
         <file>driverlib.lib</file>
         <name>uart.obj</name>
      </input_file>
      <input_file id="fl-d2">
         <path>C:\ti\tivaware_c_series_2_1_4_178\driverlib\ccs\Debug\</path>
         <kind>archive</kind>
         <file>driverlib.lib</file>
         <name>watchdog.obj</name>
      </input_file>
      <input_file id="fl-d3">
         <path>C:\ti\tivaware_c_series_2_1_4_178\driverlib\ccs\Debug\</path>
         <kind>archive</kind>
         <file>driverlib.lib</file>
         <name>cpu.obj</name>
      </input_file>
   </input_file_list>
   <object_component_list>
      <object_component id="oc-12">
         <name>.intvecs</name>
         <load_address>0x0</load_address>
         <run_address>0x0</run_address>
         <size>0x26c</size>
         <input_file_ref idref="fl-3"/>
      </object_component>
      <object_component id="oc-1ce">
         <name>.text:UARTvprintf</name>
         <load_address>0x26c</load_address>
         <run_address>0x26c</run_address>
         <size>0x1ee</size>
         <input_file_ref idref="fl-4"/>
      </object_component>
      <object_component id="oc-45">
         <name>.text:EStopHandler</name>
         <load_address>0x45a</load_address>
         <run_address>0x45a</run_address>
         <size>0x2</size>
         <input_file_ref idref="fl-2"/>
      </object_component>
      <object_component id="oc-be">
         <name>.text:main</name>
         <load_address>0x45c</load_address>
         <run_address>0x45c</run_address>
         <size>0x194</size>
         <input_file_ref idref="fl-2"/>
      </object_component>
      <object_component id="oc-11c">
         <name>.text:GPIOPadConfigSet</name>
         <load_address>0x5f0</load_address>
         <run_address>0x5f0</run_address>
         <size>0x132</size>
         <input_file_ref idref="fl-ce"/>
      </object_component>
      <object_component id="oc-33">
         <name>.text:FaultISR</name>
         <load_address>0x722</load_address>
         <run_address>0x722</run_address>
         <size>0x2</size>
         <input_file_ref idref="fl-3"/>
      </object_component>
      <object_component id="oc-eb">
         <name>.text:SysCtlClockSet</name>
         <load_address>0x724</load_address>
         <run_address>0x724</run_address>
         <size>0xf4</size>
         <input_file_ref idref="fl-d0"/>
      </object_component>
      <object_component id="oc-59">
         <name>.text</name>
         <load_address>0x818</load_address>
         <run_address>0x818</run_address>
         <size>0x9c</size>
         <input_file_ref idref="fl-c6"/>
      </object_component>
      <object_component id="oc-158">
         <name>.text:IntEnable</name>
         <load_address>0x8b4</load_address>
         <run_address>0x8b4</run_address>
         <size>0x68</size>
         <input_file_ref idref="fl-cf"/>
      </object_component>
      <object_component id="oc-15">
         <name>.text:decompress:lzss:__TI_decompress_lzss</name>
         <load_address>0x91c</load_address>
         <run_address>0x91c</run_address>
         <size>0x68</size>
         <input_file_ref idref="fl-c2"/>
      </object_component>
      <object_component id="oc-1c7">
         <name>.text:UARTStdioConfig</name>
         <load_address>0x984</load_address>
         <run_address>0x984</run_address>
         <size>0x60</size>
         <input_file_ref idref="fl-4"/>
      </object_component>
      <object_component id="oc-f1">
         <name>.text:UART_setup</name>
         <load_address>0x9e4</load_address>
         <run_address>0x9e4</run_address>
         <size>0x58</size>
         <input_file_ref idref="fl-2"/>
      </object_component>
      <object_component id="oc-122">
         <name>.text:GPIOIntTypeSet</name>
         <load_address>0xa3c</load_address>
         <run_address>0xa3c</run_address>
         <size>0x56</size>
         <input_file_ref idref="fl-ce"/>
      </object_component>
      <object_component id="oc-39">
         <name>.text:IntDefaultHandler</name>
         <load_address>0xa92</load_address>
         <run_address>0xa92</run_address>
         <size>0x2</size>
         <input_file_ref idref="fl-3"/>
      </object_component>
      <object_component id="oc-1b5">
         <name>.text:GPIOPinConfigure</name>
         <load_address>0xa94</load_address>
         <run_address>0xa94</run_address>
         <size>0x48</size>
         <input_file_ref idref="fl-ce"/>
      </object_component>
      <object_component id="oc-24b">
         <name>.text:UARTwrite</name>
         <load_address>0xadc</load_address>
         <run_address>0xadc</run_address>
         <size>0x48</size>
         <input_file_ref idref="fl-4"/>
      </object_component>
      <object_component id="oc-1ea">
         <name>.text:_GPIOIntNumberGet</name>
         <load_address>0xb24</load_address>
         <run_address>0xb24</run_address>
         <size>0x44</size>
         <input_file_ref idref="fl-ce"/>
      </object_component>
      <object_component id="oc-17a">
         <name>.text:__TI_auto_init_nobinit_nopinit:__TI_auto_init_nobinit_nopinit</name>
         <load_address>0xb68</load_address>
         <run_address>0xb68</run_address>
         <size>0x44</size>
         <input_file_ref idref="fl-c7"/>
      </object_component>
      <object_component id="oc-251">
         <name>.text</name>
         <load_address>0xbac</load_address>
         <run_address>0xbac</run_address>
         <size>0x40</size>
         <input_file_ref idref="fl-bf"/>
      </object_component>
      <object_component id="oc-1f0">
         <name>.text:IntRegister</name>
         <load_address>0xbec</load_address>
         <run_address>0xbec</run_address>
         <size>0x34</size>
         <input_file_ref idref="fl-cf"/>
      </object_component>
      <object_component id="oc-103">
         <name>.text:SysCtlPeripheralEnable</name>
         <load_address>0xc20</load_address>
         <run_address>0xc20</run_address>
         <size>0x34</size>
         <input_file_ref idref="fl-d0"/>
      </object_component>
      <object_component id="oc-77">
         <name>.text:_c_int00_noargs:_c_int00_noargs</name>
         <load_address>0xc54</load_address>
         <run_address>0xc54</run_address>
         <size>0x34</size>
         <input_file_ref idref="fl-c3"/>
      </object_component>
      <object_component id="oc-1e0">
         <name>.text:GPIODirModeSet</name>
         <load_address>0xc88</load_address>
         <run_address>0xc88</run_address>
         <size>0x2a</size>
         <input_file_ref idref="fl-ce"/>
      </object_component>
      <object_component id="oc-2d">
         <name>.text:NmiSR</name>
         <load_address>0xcb2</load_address>
         <run_address>0xcb2</run_address>
         <size>0x2</size>
         <input_file_ref idref="fl-3"/>
      </object_component>
      <object_component id="oc-15e">
         <name>.text:IntPrioritySet</name>
         <load_address>0xcb4</load_address>
         <run_address>0xcb4</run_address>
         <size>0x24</size>
         <input_file_ref idref="fl-cf"/>
      </object_component>
      <object_component id="oc-65">
         <name>.text:decompress:ZI:__TI_zero_init_nomemset:__TI_zero_init_nomemset</name>
         <load_address>0xcd8</load_address>
         <run_address>0xcd8</run_address>
         <size>0x1c</size>
         <input_file_ref idref="fl-c0"/>
      </object_component>
      <object_component id="oc-f7">
         <name>.text:UARTprintf</name>
         <load_address>0xcf4</load_address>
         <run_address>0xcf4</run_address>
         <size>0x1a</size>
         <input_file_ref idref="fl-4"/>
      </object_component>
      <object_component id="oc-128">
         <name>.text:GPIOIntRegister</name>
         <load_address>0xd0e</load_address>
         <run_address>0xd0e</run_address>
         <size>0x18</size>
         <input_file_ref idref="fl-ce"/>
      </object_component>
      <object_component id="oc-134">
         <name>.text:GPIOPinTypeGPIOOutput</name>
         <load_address>0xd26</load_address>
         <run_address>0xd26</run_address>
         <size>0x18</size>
         <input_file_ref idref="fl-ce"/>
      </object_component>
      <object_component id="oc-116">
         <name>.text:GPIOPinTypeGPIOInput</name>
         <load_address>0xd3e</load_address>
         <run_address>0xd3e</run_address>
         <size>0x12</size>
         <input_file_ref idref="fl-ce"/>
      </object_component>
      <object_component id="oc-1bb">
         <name>.text:GPIOPinTypeUART</name>
         <load_address>0xd50</load_address>
         <run_address>0xd50</run_address>
         <size>0x12</size>
         <input_file_ref idref="fl-ce"/>
      </object_component>
      <object_component id="oc-3f">
         <name>.text:Timer0_EStop_IntHandler</name>
         <load_address>0xd62</load_address>
         <run_address>0xd62</run_address>
         <size>0x2</size>
         <input_file_ref idref="fl-2"/>
      </object_component>
      <object_component id="oc-fd">
         <name>.text:FPULazyStackingEnable</name>
         <load_address>0xd64</load_address>
         <run_address>0xd64</run_address>
         <size>0x10</size>
         <input_file_ref idref="fl-cd"/>
      </object_component>
      <object_component id="oc-140">
         <name>.text:IntMasterEnable</name>
         <load_address>0xd74</load_address>
         <run_address>0xd74</run_address>
         <size>0x10</size>
         <input_file_ref idref="fl-cf"/>
      </object_component>
      <object_component id="oc-1b">
         <name>.text:decompress:none:__TI_decompress_none</name>
         <load_address>0xd84</load_address>
         <run_address>0xd84</run_address>
         <size>0xe</size>
         <input_file_ref idref="fl-c1"/>
      </object_component>
      <object_component id="oc-1fa">
         <name>.text:CPUcpsie</name>
         <load_address>0xd92</load_address>
         <run_address>0xd92</run_address>
         <size>0xc</size>
         <input_file_ref idref="fl-d3"/>
      </object_component>
      <object_component id="oc-12e">
         <name>.text:GPIOIntEnable</name>
         <load_address>0xd9e</load_address>
         <run_address>0xd9e</run_address>
         <size>0xc</size>
         <input_file_ref idref="fl-ce"/>
      </object_component>
      <object_component id="oc-29e">
         <name>.text</name>
         <load_address>0xdaa</load_address>
         <run_address>0xdaa</run_address>
         <size>0x2</size>
         <input_file_ref idref="fl-c4"/>
      </object_component>
      <object_component id="oc-10a">
         <name>.text:WatchdogUnlock</name>
         <load_address>0xdac</load_address>
         <run_address>0xdac</run_address>
         <size>0xc</size>
         <input_file_ref idref="fl-d2"/>
      </object_component>
      <object_component id="oc-152">
         <name>.text:WatchdogEnable</name>
         <load_address>0xdb8</load_address>
         <run_address>0xdb8</run_address>
         <size>0xa</size>
         <input_file_ref idref="fl-d2"/>
      </object_component>
      <object_component id="oc-146">
         <name>.text:WatchdogIntEnable</name>
         <load_address>0xdc2</load_address>
         <run_address>0xdc2</run_address>
         <size>0xa</size>
         <input_file_ref idref="fl-d2"/>
      </object_component>
      <object_component id="oc-164">
         <name>.text:GPIOPinRead</name>
         <load_address>0xdcc</load_address>
         <run_address>0xdcc</run_address>
         <size>0x6</size>
         <input_file_ref idref="fl-ce"/>
      </object_component>
      <object_component id="oc-13a">
         <name>.text:GPIOPinWrite</name>
         <load_address>0xdd2</load_address>
         <run_address>0xdd2</run_address>
         <size>0x6</size>
         <input_file_ref idref="fl-ce"/>
      </object_component>
      <object_component id="oc-27">
         <name>.text:ResetISR</name>
         <load_address>0xdd8</load_address>
         <run_address>0xdd8</run_address>
         <size>0x6</size>
         <input_file_ref idref="fl-3"/>
      </object_component>
      <object_component id="oc-109">
         <name>.text:SysCtlDelay</name>
         <load_address>0xdde</load_address>
         <run_address>0xdde</run_address>
         <size>0x6</size>
         <input_file_ref idref="fl-d0"/>
      </object_component>
      <object_component id="oc-1c1">
         <name>.text:UARTClockSourceSet</name>
         <load_address>0xde4</load_address>
         <run_address>0xde4</run_address>
         <size>0x6</size>
         <input_file_ref idref="fl-d1"/>
      </object_component>
      <object_component id="oc-110">
         <name>.text:WatchdogIntClear</name>
         <load_address>0xdea</load_address>
         <run_address>0xdea</run_address>
         <size>0x6</size>
         <input_file_ref idref="fl-d2"/>
      </object_component>
      <object_component id="oc-14c">
         <name>.text:WatchdogReloadSet</name>
         <load_address>0xdf0</load_address>
         <run_address>0xdf0</run_address>
         <size>0x4</size>
         <input_file_ref idref="fl-d2"/>
      </object_component>
      <object_component id="oc-b8">
         <name>.text:_system_pre_init</name>
         <load_address>0xdf4</load_address>
         <run_address>0xdf4</run_address>
         <size>0x4</size>
         <input_file_ref idref="fl-c8"/>
      </object_component>
      <object_component id="oc-16e">
         <name>.text:abort:abort</name>
         <load_address>0xdf8</load_address>
         <run_address>0xdf8</run_address>
         <size>0x4</size>
         <input_file_ref idref="fl-ca"/>
      </object_component>
      <object_component id="oc-261">
         <name>.const:g_ppui32GPIOIntMapSnowflake</name>
         <load_address>0xdfc</load_address>
         <run_address>0xdfc</run_address>
         <size>0xd8</size>
         <input_file_ref idref="fl-ce"/>
      </object_component>
      <object_component id="oc-25e">
         <name>.const:g_ppui32GPIOIntMapBlizzard</name>
         <load_address>0xed4</load_address>
         <run_address>0xed4</run_address>
         <size>0xc0</size>
         <input_file_ref idref="fl-ce"/>
      </object_component>
      <object_component id="oc-209">
         <name>.const:g_pui32Regs</name>
         <load_address>0xf94</load_address>
         <run_address>0xf94</run_address>
         <size>0x9c</size>
         <input_file_ref idref="fl-cf"/>
      </object_component>
      <object_component id="oc-237">
         <name>.const:g_pui32GPIOBaseAddrs</name>
         <load_address>0x1030</load_address>
         <run_address>0x1030</run_address>
         <size>0x90</size>
         <input_file_ref idref="fl-ce"/>
      </object_component>
      <object_component id="oc-204">
         <name>.const</name>
         <load_address>0x10c0</load_address>
         <run_address>0x10c0</run_address>
         <size>0x70</size>
         <input_file_ref idref="fl-cf"/>
      </object_component>
      <object_component id="oc-241">
         <name>.const:g_ui32UARTBase</name>
         <load_address>0x1130</load_address>
         <run_address>0x1130</run_address>
         <size>0xc</size>
         <input_file_ref idref="fl-4"/>
      </object_component>
      <object_component id="oc-23e">
         <name>.const:g_ui32UARTPeriph</name>
         <load_address>0x113c</load_address>
         <run_address>0x113c</run_address>
         <size>0xc</size>
         <input_file_ref idref="fl-4"/>
      </object_component>
      <object_component id="oc-2e3">
         <name>__TI_handler_table</name>
         <load_address>0x1148</load_address>
         <run_address>0x1148</run_address>
         <size>0xc</size>
      </object_component>
      <object_component id="oc-2e6">
         <name>.cinit..data.load</name>
         <load_address>0x1154</load_address>
         <run_address>0x1154</run_address>
         <size>0xb</size>
      </object_component>
      <object_component id="oc-2e5">
         <name>.cinit..vtable.load</name>
         <load_address>0x1160</load_address>
         <run_address>0x1160</run_address>
         <size>0x8</size>
      </object_component>
      <object_component id="oc-2e4">
         <name>__TI_cinit_table</name>
         <load_address>0x1168</load_address>
         <run_address>0x1168</run_address>
         <size>0x10</size>
      </object_component>
      <object_component id="oc-265">
         <name>.vtable</name>
         <uninitialized>true</uninitialized>
         <run_address>0x20000000</run_address>
         <size>0x26c</size>
         <input_file_ref idref="fl-cf"/>
      </object_component>
      <object_component id="oc-16a">
         <name>.data</name>
         <load_address>0x20000370</load_address>
         <run_address>0x20000370</run_address>
         <size>0x8</size>
         <input_file_ref idref="fl-2"/>
      </object_component>
      <object_component id="oc-244">
         <name>.data</name>
         <load_address>0x20000378</load_address>
         <run_address>0x20000378</run_address>
         <size>0x5</size>
         <input_file_ref idref="fl-4"/>
      </object_component>
      <object_component id="oc-24">
         <name>.stack</name>
         <uninitialized>true</uninitialized>
         <run_address>0x20000270</run_address>
         <size>0x4</size>
         <input_file_ref idref="fl-c3"/>
      </object_component>
      <object_component id="oc-2e8">
         <name>.stack</name>
         <uninitialized>true</uninitialized>
         <run_address>0x20000270</run_address>
         <size>0x0</size>
      </object_component>
      <object_component id="oc-da">
         <name>.debug_info</name>
         <load_address>0x0</load_address>
         <run_address>0x0</run_address>
         <size>0x780</size>
         <input_file_ref idref="fl-2"/>
      </object_component>
      <object_component id="oc-16b">
         <name>.debug_info</name>
         <load_address>0x780</load_address>
         <run_address>0x780</run_address>
         <size>0xe1</size>
         <input_file_ref idref="fl-2"/>
      </object_component>
      <object_component id="oc-f3">
         <name>.debug_info</name>
         <load_address>0x861</load_address>
         <run_address>0x861</run_address>
         <size>0x1bc</size>
         <input_file_ref idref="fl-2"/>
      </object_component>
      <object_component id="oc-49">
         <name>.debug_info</name>
         <load_address>0xa1d</load_address>
         <run_address>0xa1d</run_address>
         <size>0xfe</size>
         <input_file_ref idref="fl-2"/>
      </object_component>
      <object_component id="oc-c2">
         <name>.debug_info</name>
         <load_address>0xb1b</load_address>
         <run_address>0xb1b</run_address>
         <size>0x3e2</size>
         <input_file_ref idref="fl-2"/>
      </object_component>
      <object_component id="oc-43">
         <name>.debug_info</name>
         <load_address>0xefd</load_address>
         <run_address>0xefd</run_address>
         <size>0x114</size>
         <input_file_ref idref="fl-2"/>
      </object_component>
      <object_component id="oc-93">
         <name>.debug_info</name>
         <load_address>0x1011</load_address>
         <run_address>0x1011</run_address>
         <size>0x26b</size>
         <input_file_ref idref="fl-2"/>
      </object_component>
      <object_component id="oc-d5">
         <name>.debug_info</name>
         <load_address>0x127c</load_address>
         <run_address>0x127c</run_address>
         <size>0x8b</size>
         <input_file_ref idref="fl-2"/>
      </object_component>
      <object_component id="oc-d0">
         <name>.debug_info</name>
         <load_address>0x1307</load_address>
         <run_address>0x1307</run_address>
         <size>0x2a4</size>
         <input_file_ref idref="fl-2"/>
      </object_component>
      <object_component id="oc-98">
         <name>.debug_info</name>
         <load_address>0x15ab</load_address>
         <run_address>0x15ab</run_address>
         <size>0xbb</size>
         <input_file_ref idref="fl-2"/>
      </object_component>
      <object_component id="oc-1d6">
         <name>.debug_info</name>
         <load_address>0x1666</load_address>
         <run_address>0x1666</run_address>
         <size>0x2c</size>
         <input_file_ref idref="fl-2"/>
      </object_component>
      <object_component id="oc-4d">
         <name>.debug_info</name>
         <load_address>0x1692</load_address>
         <run_address>0x1692</run_address>
         <size>0x2ff</size>
         <input_file_ref idref="fl-3"/>
      </object_component>
      <object_component id="oc-13">
         <name>.debug_info</name>
         <load_address>0x1991</load_address>
         <run_address>0x1991</run_address>
         <size>0xe8</size>
         <input_file_ref idref="fl-3"/>
      </object_component>
      <object_component id="oc-2b">
         <name>.debug_info</name>
         <load_address>0x1a79</load_address>
         <run_address>0x1a79</run_address>
         <size>0x132</size>
         <input_file_ref idref="fl-3"/>
      </object_component>
      <object_component id="oc-31">
         <name>.debug_info</name>
         <load_address>0x1bab</load_address>
         <run_address>0x1bab</run_address>
         <size>0x123</size>
         <input_file_ref idref="fl-3"/>
      </object_component>
      <object_component id="oc-3d">
         <name>.debug_info</name>
         <load_address>0x1cce</load_address>
         <run_address>0x1cce</run_address>
         <size>0x13b</size>
         <input_file_ref idref="fl-3"/>
      </object_component>
      <object_component id="oc-37">
         <name>.debug_info</name>
         <load_address>0x1e09</load_address>
         <run_address>0x1e09</run_address>
         <size>0x129</size>
         <input_file_ref idref="fl-3"/>
      </object_component>
      <object_component id="oc-54">
         <name>.debug_info</name>
         <load_address>0x1f32</load_address>
         <run_address>0x1f32</run_address>
         <size>0x84</size>
         <input_file_ref idref="fl-3"/>
      </object_component>
      <object_component id="oc-1d5">
         <name>.debug_info</name>
         <load_address>0x1fb6</load_address>
         <run_address>0x1fb6</run_address>
         <size>0x2b8</size>
         <input_file_ref idref="fl-4"/>
      </object_component>
      <object_component id="oc-245">
         <name>.debug_info</name>
         <load_address>0x226e</load_address>
         <run_address>0x226e</run_address>
         <size>0xf9</size>
         <input_file_ref idref="fl-4"/>
      </object_component>
      <object_component id="oc-242">
         <name>.debug_info</name>
         <load_address>0x2367</load_address>
         <run_address>0x2367</run_address>
         <size>0x101</size>
         <input_file_ref idref="fl-4"/>
      </object_component>
      <object_component id="oc-23f">
         <name>.debug_info</name>
         <load_address>0x2468</load_address>
         <run_address>0x2468</run_address>
         <size>0x105</size>
         <input_file_ref idref="fl-4"/>
      </object_component>
      <object_component id="oc-24c">
         <name>.debug_info</name>
         <load_address>0x256d</load_address>
         <run_address>0x256d</run_address>
         <size>0x1f0</size>
         <input_file_ref idref="fl-4"/>
      </object_component>
      <object_component id="oc-1cf">
         <name>.debug_info</name>
         <load_address>0x275d</load_address>
         <run_address>0x275d</run_address>
         <size>0x322</size>
         <input_file_ref idref="fl-4"/>
      </object_component>
      <object_component id="oc-f8">
         <name>.debug_info</name>
         <load_address>0x2a7f</load_address>
         <run_address>0x2a7f</run_address>
         <size>0x1bd</size>
         <input_file_ref idref="fl-4"/>
      </object_component>
      <object_component id="oc-247">
         <name>.debug_info</name>
         <load_address>0x2c3c</load_address>
         <run_address>0x2c3c</run_address>
         <size>0x23b</size>
         <input_file_ref idref="fl-4"/>
      </object_component>
      <object_component id="oc-1c8">
         <name>.debug_info</name>
         <load_address>0x2e77</load_address>
         <run_address>0x2e77</run_address>
         <size>0x253</size>
         <input_file_ref idref="fl-4"/>
      </object_component>
      <object_component id="oc-254">
         <name>.debug_info</name>
         <load_address>0x30ca</load_address>
         <run_address>0x30ca</run_address>
         <size>0x142</size>
         <input_file_ref idref="fl-bf"/>
      </object_component>
      <object_component id="oc-b1">
         <name>.debug_info</name>
         <load_address>0x320c</load_address>
         <run_address>0x320c</run_address>
         <size>0x2d4</size>
         <input_file_ref idref="fl-c0"/>
      </object_component>
      <object_component id="oc-67">
         <name>.debug_info</name>
         <load_address>0x34e0</load_address>
         <run_address>0x34e0</run_address>
         <size>0x1d2</size>
         <input_file_ref idref="fl-c0"/>
      </object_component>
      <object_component id="oc-ac">
         <name>.debug_info</name>
         <load_address>0x36b2</load_address>
         <run_address>0x36b2</run_address>
         <size>0x46</size>
         <input_file_ref idref="fl-c0"/>
      </object_component>
      <object_component id="oc-e2">
         <name>.debug_info</name>
         <load_address>0x36f8</load_address>
         <run_address>0x36f8</run_address>
         <size>0x2c</size>
         <input_file_ref idref="fl-c0"/>
      </object_component>
      <object_component id="oc-64">
         <name>.debug_info</name>
         <load_address>0x3724</load_address>
         <run_address>0x3724</run_address>
         <size>0x2a8</size>
         <input_file_ref idref="fl-c1"/>
      </object_component>
      <object_component id="oc-1c">
         <name>.debug_info</name>
         <load_address>0x39cc</load_address>
         <run_address>0x39cc</run_address>
         <size>0x1ea</size>
         <input_file_ref idref="fl-c1"/>
      </object_component>
      <object_component id="oc-5f">
         <name>.debug_info</name>
         <load_address>0x3bb6</load_address>
         <run_address>0x3bb6</run_address>
         <size>0x46</size>
         <input_file_ref idref="fl-c1"/>
      </object_component>
      <object_component id="oc-a4">
         <name>.debug_info</name>
         <load_address>0x3bfc</load_address>
         <run_address>0x3bfc</run_address>
         <size>0x2c</size>
         <input_file_ref idref="fl-c1"/>
      </object_component>
      <object_component id="oc-a2">
         <name>.debug_info</name>
         <load_address>0x3c28</load_address>
         <run_address>0x3c28</run_address>
         <size>0x29e</size>
         <input_file_ref idref="fl-c2"/>
      </object_component>
      <object_component id="oc-17">
         <name>.debug_info</name>
         <load_address>0x3ec6</load_address>
         <run_address>0x3ec6</run_address>
         <size>0x250</size>
         <input_file_ref idref="fl-c2"/>
      </object_component>
      <object_component id="oc-4f">
         <name>.debug_info</name>
         <load_address>0x4116</load_address>
         <run_address>0x4116</run_address>
         <size>0x60</size>
         <input_file_ref idref="fl-c2"/>
      </object_component>
      <object_component id="oc-db">
         <name>.debug_info</name>
         <load_address>0x4176</load_address>
         <run_address>0x4176</run_address>
         <size>0x46</size>
         <input_file_ref idref="fl-c2"/>
      </object_component>
      <object_component id="oc-9d">
         <name>.debug_info</name>
         <load_address>0x41bc</load_address>
         <run_address>0x41bc</run_address>
         <size>0x39</size>
         <input_file_ref idref="fl-c2"/>
      </object_component>
      <object_component id="oc-25">
         <name>.debug_info</name>
         <load_address>0x41f5</load_address>
         <run_address>0x41f5</run_address>
         <size>0x10b</size>
         <input_file_ref idref="fl-c3"/>
      </object_component>
      <object_component id="oc-78">
         <name>.debug_info</name>
         <load_address>0x4300</load_address>
         <run_address>0x4300</run_address>
         <size>0x1a9</size>
         <input_file_ref idref="fl-c3"/>
      </object_component>
      <object_component id="oc-2a1">
         <name>.debug_info</name>
         <load_address>0x44a9</load_address>
         <run_address>0x44a9</run_address>
         <size>0x115</size>
         <input_file_ref idref="fl-c4"/>
      </object_component>
      <object_component id="oc-5b">
         <name>.debug_info</name>
         <load_address>0x45be</load_address>
         <run_address>0x45be</run_address>
         <size>0x119</size>
         <input_file_ref idref="fl-c6"/>
      </object_component>
      <object_component id="oc-21b">
         <name>.debug_info</name>
         <load_address>0x46d7</load_address>
         <run_address>0x46d7</run_address>
         <size>0x4b3</size>
         <input_file_ref idref="fl-c7"/>
      </object_component>
      <object_component id="oc-17b">
         <name>.debug_info</name>
         <load_address>0x4b8a</load_address>
         <run_address>0x4b8a</run_address>
         <size>0x1a6</size>
         <input_file_ref idref="fl-c7"/>
      </object_component>
      <object_component id="oc-280">
         <name>.debug_info</name>
         <load_address>0x4d30</load_address>
         <run_address>0x4d30</run_address>
         <size>0x39</size>
         <input_file_ref idref="fl-c7"/>
      </object_component>
      <object_component id="oc-2ad">
         <name>.debug_info</name>
         <load_address>0x4d69</load_address>
         <run_address>0x4d69</run_address>
         <size>0x39</size>
         <input_file_ref idref="fl-c7"/>
      </object_component>
      <object_component id="oc-285">
         <name>.debug_info</name>
         <load_address>0x4da2</load_address>
         <run_address>0x4da2</run_address>
         <size>0x39</size>
         <input_file_ref idref="fl-c7"/>
      </object_component>
      <object_component id="oc-28a">
         <name>.debug_info</name>
         <load_address>0x4ddb</load_address>
         <run_address>0x4ddb</run_address>
         <size>0xcd</size>
         <input_file_ref idref="fl-c7"/>
      </object_component>
      <object_component id="oc-b9">
         <name>.debug_info</name>
         <load_address>0x4ea8</load_address>
         <run_address>0x4ea8</run_address>
         <size>0x153</size>
         <input_file_ref idref="fl-c8"/>
      </object_component>
      <object_component id="oc-172">
         <name>.debug_info</name>
         <load_address>0x4ffb</load_address>
         <run_address>0x4ffb</run_address>
         <size>0x122</size>
         <input_file_ref idref="fl-ca"/>
      </object_component>
      <object_component id="oc-100">
         <name>.debug_info</name>
         <load_address>0x511d</load_address>
         <run_address>0x511d</run_address>
         <size>0x225</size>
         <input_file_ref idref="fl-cd"/>
      </object_component>
      <object_component id="oc-1af">
         <name>.debug_info</name>
         <load_address>0x5342</load_address>
         <run_address>0x5342</run_address>
         <size>0x18b</size>
         <input_file_ref idref="fl-cd"/>
      </object_component>
      <object_component id="oc-1e8">
         <name>.debug_info</name>
         <load_address>0x54cd</load_address>
         <run_address>0x54cd</run_address>
         <size>0x240</size>
         <input_file_ref idref="fl-ce"/>
      </object_component>
      <object_component id="oc-25f">
         <name>.debug_info</name>
         <load_address>0x570d</load_address>
         <run_address>0x570d</run_address>
         <size>0x167</size>
         <input_file_ref idref="fl-ce"/>
      </object_component>
      <object_component id="oc-262">
         <name>.debug_info</name>
         <load_address>0x5874</load_address>
         <run_address>0x5874</run_address>
         <size>0x169</size>
         <input_file_ref idref="fl-ce"/>
      </object_component>
      <object_component id="oc-238">
         <name>.debug_info</name>
         <load_address>0x59dd</load_address>
         <run_address>0x59dd</run_address>
         <size>0x15b</size>
         <input_file_ref idref="fl-ce"/>
      </object_component>
      <object_component id="oc-13c">
         <name>.debug_info</name>
         <load_address>0x5b38</load_address>
         <run_address>0x5b38</run_address>
         <size>0x2a3</size>
         <input_file_ref idref="fl-ce"/>
      </object_component>
      <object_component id="oc-1e1">
         <name>.debug_info</name>
         <load_address>0x5ddb</load_address>
         <run_address>0x5ddb</run_address>
         <size>0x2b3</size>
         <input_file_ref idref="fl-ce"/>
      </object_component>
      <object_component id="oc-11e">
         <name>.debug_info</name>
         <load_address>0x608e</load_address>
         <run_address>0x608e</run_address>
         <size>0x316</size>
         <input_file_ref idref="fl-ce"/>
      </object_component>
      <object_component id="oc-1bc">
         <name>.debug_info</name>
         <load_address>0x63a4</load_address>
         <run_address>0x63a4</run_address>
         <size>0x27b</size>
         <input_file_ref idref="fl-ce"/>
      </object_component>
      <object_component id="oc-135">
         <name>.debug_info</name>
         <load_address>0x661f</load_address>
         <run_address>0x661f</run_address>
         <size>0x2b7</size>
         <input_file_ref idref="fl-ce"/>
      </object_component>
      <object_component id="oc-117">
         <name>.debug_info</name>
         <load_address>0x68d6</load_address>
         <run_address>0x68d6</run_address>
         <size>0x285</size>
         <input_file_ref idref="fl-ce"/>
      </object_component>
      <object_component id="oc-165">
         <name>.debug_info</name>
         <load_address>0x6b5b</load_address>
         <run_address>0x6b5b</run_address>
         <size>0x27b</size>
         <input_file_ref idref="fl-ce"/>
      </object_component>
      <object_component id="oc-1b6">
         <name>.debug_info</name>
         <load_address>0x6dd6</load_address>
         <run_address>0x6dd6</run_address>
         <size>0x280</size>
         <input_file_ref idref="fl-ce"/>
      </object_component>
      <object_component id="oc-1eb">
         <name>.debug_info</name>
         <load_address>0x7056</load_address>
         <run_address>0x7056</run_address>
         <size>0x298</size>
         <input_file_ref idref="fl-ce"/>
      </object_component>
      <object_component id="oc-123">
         <name>.debug_info</name>
         <load_address>0x72ee</load_address>
         <run_address>0x72ee</run_address>
         <size>0x2bb</size>
         <input_file_ref idref="fl-ce"/>
      </object_component>
      <object_component id="oc-129">
         <name>.debug_info</name>
         <load_address>0x75a9</load_address>
         <run_address>0x75a9</run_address>
         <size>0x2cf</size>
         <input_file_ref idref="fl-ce"/>
      </object_component>
      <object_component id="oc-12f">
         <name>.debug_info</name>
         <load_address>0x7878</load_address>
         <run_address>0x7878</run_address>
         <size>0x28f</size>
         <input_file_ref idref="fl-ce"/>
      </object_component>
      <object_component id="oc-208">
         <name>.debug_info</name>
         <load_address>0x7b07</load_address>
         <run_address>0x7b07</run_address>
         <size>0x20e</size>
         <input_file_ref idref="fl-cf"/>
      </object_component>
      <object_component id="oc-205">
         <name>.debug_info</name>
         <load_address>0x7d15</load_address>
         <run_address>0x7d15</run_address>
         <size>0x210</size>
         <input_file_ref idref="fl-cf"/>
      </object_component>
      <object_component id="oc-20a">
         <name>.debug_info</name>
         <load_address>0x7f25</load_address>
         <run_address>0x7f25</run_address>
         <size>0x14e</size>
         <input_file_ref idref="fl-cf"/>
      </object_component>
      <object_component id="oc-266">
         <name>.debug_info</name>
         <load_address>0x8073</load_address>
         <run_address>0x8073</run_address>
         <size>0x157</size>
         <input_file_ref idref="fl-cf"/>
      </object_component>
      <object_component id="oc-1f4">
         <name>.debug_info</name>
         <load_address>0x81ca</load_address>
         <run_address>0x81ca</run_address>
         <size>0x2c1</size>
         <input_file_ref idref="fl-cf"/>
      </object_component>
      <object_component id="oc-162">
         <name>.debug_info</name>
         <load_address>0x848b</load_address>
         <run_address>0x848b</run_address>
         <size>0x2c9</size>
         <input_file_ref idref="fl-cf"/>
      </object_component>
      <object_component id="oc-144">
         <name>.debug_info</name>
         <load_address>0x8754</load_address>
         <run_address>0x8754</run_address>
         <size>0x23e</size>
         <input_file_ref idref="fl-cf"/>
      </object_component>
      <object_component id="oc-15c">
         <name>.debug_info</name>
         <load_address>0x8992</load_address>
         <run_address>0x8992</run_address>
         <size>0x268</size>
         <input_file_ref idref="fl-cf"/>
      </object_component>
      <object_component id="oc-1b4">
         <name>.debug_info</name>
         <load_address>0x8bfa</load_address>
         <run_address>0x8bfa</run_address>
         <size>0x298</size>
         <input_file_ref idref="fl-d0"/>
      </object_component>
      <object_component id="oc-104">
         <name>.debug_info</name>
         <load_address>0x8e92</load_address>
         <run_address>0x8e92</run_address>
         <size>0x27d</size>
         <input_file_ref idref="fl-d0"/>
      </object_component>
      <object_component id="oc-ec">
         <name>.debug_info</name>
         <load_address>0x910f</load_address>
         <run_address>0x910f</run_address>
         <size>0x2db</size>
         <input_file_ref idref="fl-d0"/>
      </object_component>
      <object_component id="oc-232">
         <name>.debug_info</name>
         <load_address>0x93ea</load_address>
         <run_address>0x93ea</run_address>
         <size>0x5f</size>
         <input_file_ref idref="fl-d0"/>
      </object_component>
      <object_component id="oc-23d">
         <name>.debug_info</name>
         <load_address>0x9449</load_address>
         <run_address>0x9449</run_address>
         <size>0x227</size>
         <input_file_ref idref="fl-d1"/>
      </object_component>
      <object_component id="oc-1c2">
         <name>.debug_info</name>
         <load_address>0x9670</load_address>
         <run_address>0x9670</run_address>
         <size>0x291</size>
         <input_file_ref idref="fl-d1"/>
      </object_component>
      <object_component id="oc-1de">
         <name>.debug_info</name>
         <load_address>0x9901</load_address>
         <run_address>0x9901</run_address>
         <size>0x1e8</size>
         <input_file_ref idref="fl-d2"/>
      </object_component>
      <object_component id="oc-10b">
         <name>.debug_info</name>
         <load_address>0x9ae9</load_address>
         <run_address>0x9ae9</run_address>
         <size>0x258</size>
         <input_file_ref idref="fl-d2"/>
      </object_component>
      <object_component id="oc-14d">
         <name>.debug_info</name>
         <load_address>0x9d41</load_address>
         <run_address>0x9d41</run_address>
         <size>0x29f</size>
         <input_file_ref idref="fl-d2"/>
      </object_component>
      <object_component id="oc-147">
         <name>.debug_info</name>
         <load_address>0x9fe0</load_address>
         <run_address>0x9fe0</run_address>
         <size>0x261</size>
         <input_file_ref idref="fl-d2"/>
      </object_component>
      <object_component id="oc-112">
         <name>.debug_info</name>
         <load_address>0xa241</load_address>
         <run_address>0xa241</run_address>
         <size>0x25f</size>
         <input_file_ref idref="fl-d2"/>
      </object_component>
      <object_component id="oc-153">
         <name>.debug_info</name>
         <load_address>0xa4a0</load_address>
         <run_address>0xa4a0</run_address>
         <size>0x258</size>
         <input_file_ref idref="fl-d2"/>
      </object_component>
      <object_component id="oc-1fc">
         <name>.debug_info</name>
         <load_address>0xa6f8</load_address>
         <run_address>0xa6f8</run_address>
         <size>0x212</size>
         <input_file_ref idref="fl-d3"/>
      </object_component>
      <object_component id="oc-2e9">
         <name>.debug_info</name>
         <load_address>0xa90a</load_address>
         <run_address>0xa90a</run_address>
         <size>0x9b</size>
      </object_component>
      <object_component id="oc-1ad">
         <name>.debug_line</name>
         <load_address>0x0</load_address>
         <run_address>0x0</run_address>
         <size>0x1a5</size>
         <input_file_ref idref="fl-2"/>
      </object_component>
      <object_component id="oc-20f">
         <name>.debug_line</name>
         <load_address>0x1a5</load_address>
         <run_address>0x1a5</run_address>
         <size>0x2d</size>
         <input_file_ref idref="fl-2"/>
      </object_component>
      <object_component id="oc-f6">
         <name>.debug_line</name>
         <load_address>0x1d2</load_address>
         <run_address>0x1d2</run_address>
         <size>0x48</size>
         <input_file_ref idref="fl-2"/>
      </object_component>
      <object_component id="oc-47">
         <name>.debug_line</name>
         <load_address>0x21a</load_address>
         <run_address>0x21a</run_address>
         <size>0x3c</size>
         <input_file_ref idref="fl-2"/>
      </object_component>
      <object_component id="oc-c1">
         <name>.debug_line</name>
         <load_address>0x256</load_address>
         <run_address>0x256</run_address>
         <size>0xbb</size>
         <input_file_ref idref="fl-2"/>
      </object_component>
      <object_component id="oc-42">
         <name>.debug_line</name>
         <load_address>0x311</load_address>
         <run_address>0x311</run_address>
         <size>0x3c</size>
         <input_file_ref idref="fl-2"/>
      </object_component>
      <object_component id="oc-96">
         <name>.debug_line</name>
         <load_address>0x34d</load_address>
         <run_address>0x34d</run_address>
         <size>0x6b</size>
         <input_file_ref idref="fl-2"/>
      </object_component>
      <object_component id="oc-d8">
         <name>.debug_line</name>
         <load_address>0x3b8</load_address>
         <run_address>0x3b8</run_address>
         <size>0x20</size>
         <input_file_ref idref="fl-2"/>
      </object_component>
      <object_component id="oc-d3">
         <name>.debug_line</name>
         <load_address>0x3d8</load_address>
         <run_address>0x3d8</run_address>
         <size>0x6f</size>
         <input_file_ref idref="fl-2"/>
      </object_component>
      <object_component id="oc-9b">
         <name>.debug_line</name>
         <load_address>0x447</load_address>
         <run_address>0x447</run_address>
         <size>0x6c</size>
         <input_file_ref idref="fl-2"/>
      </object_component>
      <object_component id="oc-1d9">
         <name>.debug_line</name>
         <load_address>0x4b3</load_address>
         <run_address>0x4b3</run_address>
         <size>0x67</size>
         <input_file_ref idref="fl-2"/>
      </object_component>
      <object_component id="oc-92">
         <name>.debug_line</name>
         <load_address>0x51a</load_address>
         <run_address>0x51a</run_address>
         <size>0x41</size>
         <input_file_ref idref="fl-3"/>
      </object_component>
      <object_component id="oc-4c">
         <name>.debug_line</name>
         <load_address>0x55b</load_address>
         <run_address>0x55b</run_address>
         <size>0x41</size>
         <input_file_ref idref="fl-3"/>
      </object_component>
      <object_component id="oc-2a">
         <name>.debug_line</name>
         <load_address>0x59c</load_address>
         <run_address>0x59c</run_address>
         <size>0x53</size>
         <input_file_ref idref="fl-3"/>
      </object_component>
      <object_component id="oc-30">
         <name>.debug_line</name>
         <load_address>0x5ef</load_address>
         <run_address>0x5ef</run_address>
         <size>0x56</size>
         <input_file_ref idref="fl-3"/>
      </object_component>
      <object_component id="oc-3b">
         <name>.debug_line</name>
         <load_address>0x645</load_address>
         <run_address>0x645</run_address>
         <size>0x56</size>
         <input_file_ref idref="fl-3"/>
      </object_component>
      <object_component id="oc-35">
         <name>.debug_line</name>
         <load_address>0x69b</load_address>
         <run_address>0x69b</run_address>
         <size>0x56</size>
         <input_file_ref idref="fl-3"/>
      </object_component>
      <object_component id="oc-57">
         <name>.debug_line</name>
         <load_address>0x6f1</load_address>
         <run_address>0x6f1</run_address>
         <size>0x20</size>
         <input_file_ref idref="fl-3"/>
      </object_component>
      <object_component id="oc-258">
         <name>.debug_line</name>
         <load_address>0x711</load_address>
         <run_address>0x711</run_address>
         <size>0x20</size>
         <input_file_ref idref="fl-4"/>
      </object_component>
      <object_component id="oc-29a">
         <name>.debug_line</name>
         <load_address>0x731</load_address>
         <run_address>0x731</run_address>
         <size>0x57</size>
         <input_file_ref idref="fl-4"/>
      </object_component>
      <object_component id="oc-298">
         <name>.debug_line</name>
         <load_address>0x788</load_address>
         <run_address>0x788</run_address>
         <size>0x57</size>
         <input_file_ref idref="fl-4"/>
      </object_component>
      <object_component id="oc-296">
         <name>.debug_line</name>
         <load_address>0x7df</load_address>
         <run_address>0x7df</run_address>
         <size>0x57</size>
         <input_file_ref idref="fl-4"/>
      </object_component>
      <object_component id="oc-24f">
         <name>.debug_line</name>
         <load_address>0x836</load_address>
         <run_address>0x836</run_address>
         <size>0x87</size>
         <input_file_ref idref="fl-4"/>
      </object_component>
      <object_component id="oc-1d2">
         <name>.debug_line</name>
         <load_address>0x8bd</load_address>
         <run_address>0x8bd</run_address>
         <size>0x186</size>
         <input_file_ref idref="fl-4"/>
      </object_component>
      <object_component id="oc-fb">
         <name>.debug_line</name>
         <load_address>0xa43</load_address>
         <run_address>0xa43</run_address>
         <size>0x6e</size>
         <input_file_ref idref="fl-4"/>
      </object_component>
      <object_component id="oc-29c">
         <name>.debug_line</name>
         <load_address>0xab1</load_address>
         <run_address>0xab1</run_address>
         <size>0xb2</size>
         <input_file_ref idref="fl-4"/>
      </object_component>
      <object_component id="oc-1cc">
         <name>.debug_line</name>
         <load_address>0xb63</load_address>
         <run_address>0xb63</run_address>
         <size>0x78</size>
         <input_file_ref idref="fl-4"/>
      </object_component>
      <object_component id="oc-252">
         <name>.debug_line</name>
         <load_address>0xbdb</load_address>
         <run_address>0xbdb</run_address>
         <size>0x5b</size>
         <input_file_ref idref="fl-bf"/>
      </object_component>
      <object_component id="oc-e8">
         <name>.debug_line</name>
         <load_address>0xc36</load_address>
         <run_address>0xc36</run_address>
         <size>0x92</size>
         <input_file_ref idref="fl-c0"/>
      </object_component>
      <object_component id="oc-69">
         <name>.debug_line</name>
         <load_address>0xcc8</load_address>
         <run_address>0xcc8</run_address>
         <size>0x56</size>
         <input_file_ref idref="fl-c0"/>
      </object_component>
      <object_component id="oc-af">
         <name>.debug_line</name>
         <load_address>0xd1e</load_address>
         <run_address>0xd1e</run_address>
         <size>0x34</size>
         <input_file_ref idref="fl-c0"/>
      </object_component>
      <object_component id="oc-e5">
         <name>.debug_line</name>
         <load_address>0xd52</load_address>
         <run_address>0xd52</run_address>
         <size>0x92</size>
         <input_file_ref idref="fl-c0"/>
      </object_component>
      <object_component id="oc-aa">
         <name>.debug_line</name>
         <load_address>0xde4</load_address>
         <run_address>0xde4</run_address>
         <size>0x20</size>
         <input_file_ref idref="fl-c1"/>
      </object_component>
      <object_component id="oc-20">
         <name>.debug_line</name>
         <load_address>0xe04</load_address>
         <run_address>0xe04</run_address>
         <size>0x55</size>
         <input_file_ref idref="fl-c1"/>
      </object_component>
      <object_component id="oc-62">
         <name>.debug_line</name>
         <load_address>0xe59</load_address>
         <run_address>0xe59</run_address>
         <size>0x3a</size>
         <input_file_ref idref="fl-c1"/>
      </object_component>
      <object_component id="oc-a7">
         <name>.debug_line</name>
         <load_address>0xe93</load_address>
         <run_address>0xe93</run_address>
         <size>0x92</size>
         <input_file_ref idref="fl-c1"/>
      </object_component>
      <object_component id="oc-e1">
         <name>.debug_line</name>
         <load_address>0xf25</load_address>
         <run_address>0xf25</run_address>
         <size>0x20</size>
         <input_file_ref idref="fl-c2"/>
      </object_component>
      <object_component id="oc-19">
         <name>.debug_line</name>
         <load_address>0xf45</load_address>
         <run_address>0xf45</run_address>
         <size>0xa9</size>
         <input_file_ref idref="fl-c2"/>
      </object_component>
      <object_component id="oc-52">
         <name>.debug_line</name>
         <load_address>0xfee</load_address>
         <run_address>0xfee</run_address>
         <size>0x3a</size>
         <input_file_ref idref="fl-c2"/>
      </object_component>
      <object_component id="oc-de">
         <name>.debug_line</name>
         <load_address>0x1028</load_address>
         <run_address>0x1028</run_address>
         <size>0x9a</size>
         <input_file_ref idref="fl-c2"/>
      </object_component>
      <object_component id="oc-a0">
         <name>.debug_line</name>
         <load_address>0x10c2</load_address>
         <run_address>0x10c2</run_address>
         <size>0x96</size>
         <input_file_ref idref="fl-c2"/>
      </object_component>
      <object_component id="oc-8a">
         <name>.debug_line</name>
         <load_address>0x1158</load_address>
         <run_address>0x1158</run_address>
         <size>0x33</size>
         <input_file_ref idref="fl-c3"/>
      </object_component>
      <object_component id="oc-7c">
         <name>.debug_line</name>
         <load_address>0x118b</load_address>
         <run_address>0x118b</run_address>
         <size>0x45</size>
         <input_file_ref idref="fl-c3"/>
      </object_component>
      <object_component id="oc-29f">
         <name>.debug_line</name>
         <load_address>0x11d0</load_address>
         <run_address>0x11d0</run_address>
         <size>0x37</size>
         <input_file_ref idref="fl-c4"/>
      </object_component>
      <object_component id="oc-5d">
         <name>.debug_line</name>
         <load_address>0x1207</load_address>
         <run_address>0x1207</run_address>
         <size>0x88</size>
         <input_file_ref idref="fl-c6"/>
      </object_component>
      <object_component id="oc-27f">
         <name>.debug_line</name>
         <load_address>0x128f</load_address>
         <run_address>0x128f</run_address>
         <size>0xbf</size>
         <input_file_ref idref="fl-c7"/>
      </object_component>
      <object_component id="oc-17f">
         <name>.debug_line</name>
         <load_address>0x134e</load_address>
         <run_address>0x134e</run_address>
         <size>0x6f</size>
         <input_file_ref idref="fl-c7"/>
      </object_component>
      <object_component id="oc-283">
         <name>.debug_line</name>
         <load_address>0x13bd</load_address>
         <run_address>0x13bd</run_address>
         <size>0x2e</size>
         <input_file_ref idref="fl-c7"/>
      </object_component>
      <object_component id="oc-2b0">
         <name>.debug_line</name>
         <load_address>0x13eb</load_address>
         <run_address>0x13eb</run_address>
         <size>0x9a</size>
         <input_file_ref idref="fl-c7"/>
      </object_component>
      <object_component id="oc-288">
         <name>.debug_line</name>
         <load_address>0x1485</load_address>
         <run_address>0x1485</run_address>
         <size>0x97</size>
         <input_file_ref idref="fl-c7"/>
      </object_component>
      <object_component id="oc-28d">
         <name>.debug_line</name>
         <load_address>0x151c</load_address>
         <run_address>0x151c</run_address>
         <size>0x93</size>
         <input_file_ref idref="fl-c7"/>
      </object_component>
      <object_component id="oc-bc">
         <name>.debug_line</name>
         <load_address>0x15af</load_address>
         <run_address>0x15af</run_address>
         <size>0x40</size>
         <input_file_ref idref="fl-c8"/>
      </object_component>
      <object_component id="oc-171">
         <name>.debug_line</name>
         <load_address>0x15ef</load_address>
         <run_address>0x15ef</run_address>
         <size>0x3c</size>
         <input_file_ref idref="fl-ca"/>
      </object_component>
      <object_component id="oc-ff">
         <name>.debug_line</name>
         <load_address>0x162b</load_address>
         <run_address>0x162b</run_address>
         <size>0x91</size>
         <input_file_ref idref="fl-cd"/>
      </object_component>
      <object_component id="oc-1b2">
         <name>.debug_line</name>
         <load_address>0x16bc</load_address>
         <run_address>0x16bc</run_address>
         <size>0x69</size>
         <input_file_ref idref="fl-cd"/>
      </object_component>
      <object_component id="oc-25d">
         <name>.debug_line</name>
         <load_address>0x1725</load_address>
         <run_address>0x1725</run_address>
         <size>0x82</size>
         <input_file_ref idref="fl-ce"/>
      </object_component>
      <object_component id="oc-2a5">
         <name>.debug_line</name>
         <load_address>0x17a7</load_address>
         <run_address>0x17a7</run_address>
         <size>0x7d</size>
         <input_file_ref idref="fl-ce"/>
      </object_component>
      <object_component id="oc-2a7">
         <name>.debug_line</name>
         <load_address>0x1824</load_address>
         <run_address>0x1824</run_address>
         <size>0x7d</size>
         <input_file_ref idref="fl-ce"/>
      </object_component>
      <object_component id="oc-292">
         <name>.debug_line</name>
         <load_address>0x18a1</load_address>
         <run_address>0x18a1</run_address>
         <size>0x7d</size>
         <input_file_ref idref="fl-ce"/>
      </object_component>
      <object_component id="oc-13b">
         <name>.debug_line</name>
         <load_address>0x191e</load_address>
         <run_address>0x191e</run_address>
         <size>0x92</size>
         <input_file_ref idref="fl-ce"/>
      </object_component>
      <object_component id="oc-1e4">
         <name>.debug_line</name>
         <load_address>0x19b0</load_address>
         <run_address>0x19b0</run_address>
         <size>0x95</size>
         <input_file_ref idref="fl-ce"/>
      </object_component>
      <object_component id="oc-11d">
         <name>.debug_line</name>
         <load_address>0x1a45</load_address>
         <run_address>0x1a45</run_address>
         <size>0xd1</size>
         <input_file_ref idref="fl-ce"/>
      </object_component>
      <object_component id="oc-1bf">
         <name>.debug_line</name>
         <load_address>0x1b16</load_address>
         <run_address>0x1b16</run_address>
         <size>0x93</size>
         <input_file_ref idref="fl-ce"/>
      </object_component>
      <object_component id="oc-138">
         <name>.debug_line</name>
         <load_address>0x1ba9</load_address>
         <run_address>0x1ba9</run_address>
         <size>0x99</size>
         <input_file_ref idref="fl-ce"/>
      </object_component>
      <object_component id="oc-11a">
         <name>.debug_line</name>
         <load_address>0x1c42</load_address>
         <run_address>0x1c42</run_address>
         <size>0x93</size>
         <input_file_ref idref="fl-ce"/>
      </object_component>
      <object_component id="oc-168">
         <name>.debug_line</name>
         <load_address>0x1cd5</load_address>
         <run_address>0x1cd5</run_address>
         <size>0x92</size>
         <input_file_ref idref="fl-ce"/>
      </object_component>
      <object_component id="oc-1b9">
         <name>.debug_line</name>
         <load_address>0x1d67</load_address>
         <run_address>0x1d67</run_address>
         <size>0xa7</size>
         <input_file_ref idref="fl-ce"/>
      </object_component>
      <object_component id="oc-1ee">
         <name>.debug_line</name>
         <load_address>0x1e0e</load_address>
         <run_address>0x1e0e</run_address>
         <size>0xa6</size>
         <input_file_ref idref="fl-ce"/>
      </object_component>
      <object_component id="oc-126">
         <name>.debug_line</name>
         <load_address>0x1eb4</load_address>
         <run_address>0x1eb4</run_address>
         <size>0x99</size>
         <input_file_ref idref="fl-ce"/>
      </object_component>
      <object_component id="oc-12c">
         <name>.debug_line</name>
         <load_address>0x1f4d</load_address>
         <run_address>0x1f4d</run_address>
         <size>0x99</size>
         <input_file_ref idref="fl-ce"/>
      </object_component>
      <object_component id="oc-132">
         <name>.debug_line</name>
         <load_address>0x1fe6</load_address>
         <run_address>0x1fe6</run_address>
         <size>0x92</size>
         <input_file_ref idref="fl-ce"/>
      </object_component>
      <object_component id="oc-26d">
         <name>.debug_line</name>
         <load_address>0x2078</load_address>
         <run_address>0x2078</run_address>
         <size>0x7c</size>
         <input_file_ref idref="fl-cf"/>
      </object_component>
      <object_component id="oc-26b">
         <name>.debug_line</name>
         <load_address>0x20f4</load_address>
         <run_address>0x20f4</run_address>
         <size>0x82</size>
         <input_file_ref idref="fl-cf"/>
      </object_component>
      <object_component id="oc-26f">
         <name>.debug_line</name>
         <load_address>0x2176</load_address>
         <run_address>0x2176</run_address>
         <size>0x82</size>
         <input_file_ref idref="fl-cf"/>
      </object_component>
      <object_component id="oc-2a9">
         <name>.debug_line</name>
         <load_address>0x21f8</load_address>
         <run_address>0x21f8</run_address>
         <size>0x82</size>
         <input_file_ref idref="fl-cf"/>
      </object_component>
      <object_component id="oc-1f3">
         <name>.debug_line</name>
         <load_address>0x227a</load_address>
         <run_address>0x227a</run_address>
         <size>0xaf</size>
         <input_file_ref idref="fl-cf"/>
      </object_component>
      <object_component id="oc-161">
         <name>.debug_line</name>
         <load_address>0x2329</load_address>
         <run_address>0x2329</run_address>
         <size>0x99</size>
         <input_file_ref idref="fl-cf"/>
      </object_component>
      <object_component id="oc-142">
         <name>.debug_line</name>
         <load_address>0x23c2</load_address>
         <run_address>0x23c2</run_address>
         <size>0x97</size>
         <input_file_ref idref="fl-cf"/>
      </object_component>
      <object_component id="oc-15a">
         <name>.debug_line</name>
         <load_address>0x2459</load_address>
         <run_address>0x2459</run_address>
         <size>0xc2</size>
         <input_file_ref idref="fl-cf"/>
      </object_component>
      <object_component id="oc-231">
         <name>.debug_line</name>
         <load_address>0x251b</load_address>
         <run_address>0x251b</run_address>
         <size>0x13d</size>
         <input_file_ref idref="fl-d0"/>
      </object_component>
      <object_component id="oc-107">
         <name>.debug_line</name>
         <load_address>0x2658</load_address>
         <run_address>0x2658</run_address>
         <size>0x94</size>
         <input_file_ref idref="fl-d0"/>
      </object_component>
      <object_component id="oc-ef">
         <name>.debug_line</name>
         <load_address>0x26ec</load_address>
         <run_address>0x26ec</run_address>
         <size>0xee</size>
         <input_file_ref idref="fl-d0"/>
      </object_component>
      <object_component id="oc-235">
         <name>.debug_line</name>
         <load_address>0x27da</load_address>
         <run_address>0x27da</run_address>
         <size>0x7f</size>
         <input_file_ref idref="fl-d0"/>
      </object_component>
      <object_component id="oc-294">
         <name>.debug_line</name>
         <load_address>0x2859</load_address>
         <run_address>0x2859</run_address>
         <size>0x82</size>
         <input_file_ref idref="fl-d1"/>
      </object_component>
      <object_component id="oc-1c5">
         <name>.debug_line</name>
         <load_address>0x28db</load_address>
         <run_address>0x28db</run_address>
         <size>0x92</size>
         <input_file_ref idref="fl-d1"/>
      </object_component>
      <object_component id="oc-25a">
         <name>.debug_line</name>
         <load_address>0x296d</load_address>
         <run_address>0x296d</run_address>
         <size>0x82</size>
         <input_file_ref idref="fl-d2"/>
      </object_component>
      <object_component id="oc-10f">
         <name>.debug_line</name>
         <load_address>0x29ef</load_address>
         <run_address>0x29ef</run_address>
         <size>0x96</size>
         <input_file_ref idref="fl-d2"/>
      </object_component>
      <object_component id="oc-150">
         <name>.debug_line</name>
         <load_address>0x2a85</load_address>
         <run_address>0x2a85</run_address>
         <size>0x96</size>
         <input_file_ref idref="fl-d2"/>
      </object_component>
      <object_component id="oc-14a">
         <name>.debug_line</name>
         <load_address>0x2b1b</load_address>
         <run_address>0x2b1b</run_address>
         <size>0x96</size>
         <input_file_ref idref="fl-d2"/>
      </object_component>
      <object_component id="oc-111">
         <name>.debug_line</name>
         <load_address>0x2bb1</load_address>
         <run_address>0x2bb1</run_address>
         <size>0x96</size>
         <input_file_ref idref="fl-d2"/>
      </object_component>
      <object_component id="oc-156">
         <name>.debug_line</name>
         <load_address>0x2c47</load_address>
         <run_address>0x2c47</run_address>
         <size>0x93</size>
         <input_file_ref idref="fl-d2"/>
      </object_component>
      <object_component id="oc-1fe">
         <name>.debug_line</name>
         <load_address>0x2cda</load_address>
         <run_address>0x2cda</run_address>
         <size>0x91</size>
         <input_file_ref idref="fl-d3"/>
      </object_component>
      <object_component id="oc-f5">
         <name>.debug_frame</name>
         <load_address>0x0</load_address>
         <run_address>0x0</run_address>
         <size>0x58</size>
         <input_file_ref idref="fl-2"/>
      </object_component>
      <object_component id="oc-48">
         <name>.debug_frame</name>
         <load_address>0x58</load_address>
         <run_address>0x58</run_address>
         <size>0x54</size>
         <input_file_ref idref="fl-2"/>
      </object_component>
      <object_component id="oc-c0">
         <name>.debug_frame</name>
         <load_address>0xac</load_address>
         <run_address>0xac</run_address>
         <size>0x64</size>
         <input_file_ref idref="fl-2"/>
      </object_component>
      <object_component id="oc-41">
         <name>.debug_frame</name>
         <load_address>0x110</load_address>
         <run_address>0x110</run_address>
         <size>0x54</size>
         <input_file_ref idref="fl-2"/>
      </object_component>
      <object_component id="oc-29">
         <name>.debug_frame</name>
         <load_address>0x164</load_address>
         <run_address>0x164</run_address>
         <size>0x54</size>
         <input_file_ref idref="fl-3"/>
      </object_component>
      <object_component id="oc-2e">
         <name>.debug_frame</name>
         <load_address>0x1b8</load_address>
         <run_address>0x1b8</run_address>
         <size>0x54</size>
         <input_file_ref idref="fl-3"/>
      </object_component>
      <object_component id="oc-3a">
         <name>.debug_frame</name>
         <load_address>0x20c</load_address>
         <run_address>0x20c</run_address>
         <size>0x54</size>
         <input_file_ref idref="fl-3"/>
      </object_component>
      <object_component id="oc-34">
         <name>.debug_frame</name>
         <load_address>0x260</load_address>
         <run_address>0x260</run_address>
         <size>0x54</size>
         <input_file_ref idref="fl-3"/>
      </object_component>
      <object_component id="oc-250">
         <name>.debug_frame</name>
         <load_address>0x2b4</load_address>
         <run_address>0x2b4</run_address>
         <size>0x60</size>
         <input_file_ref idref="fl-4"/>
      </object_component>
      <object_component id="oc-1d3">
         <name>.debug_frame</name>
         <load_address>0x314</load_address>
         <run_address>0x314</run_address>
         <size>0x6c</size>
         <input_file_ref idref="fl-4"/>
      </object_component>
      <object_component id="oc-fc">
         <name>.debug_frame</name>
         <load_address>0x380</load_address>
         <run_address>0x380</run_address>
         <size>0x6c</size>
         <input_file_ref idref="fl-4"/>
      </object_component>
      <object_component id="oc-1cb">
         <name>.debug_frame</name>
         <load_address>0x3ec</load_address>
         <run_address>0x3ec</run_address>
         <size>0x60</size>
         <input_file_ref idref="fl-4"/>
      </object_component>
      <object_component id="oc-6a">
         <name>.debug_frame</name>
         <load_address>0x44c</load_address>
         <run_address>0x44c</run_address>
         <size>0x54</size>
         <input_file_ref idref="fl-c0"/>
      </object_component>
      <object_component id="oc-1f">
         <name>.debug_frame</name>
         <load_address>0x4a0</load_address>
         <run_address>0x4a0</run_address>
         <size>0x54</size>
         <input_file_ref idref="fl-c1"/>
      </object_component>
      <object_component id="oc-1a">
         <name>.debug_frame</name>
         <load_address>0x4f4</load_address>
         <run_address>0x4f4</run_address>
         <size>0x60</size>
         <input_file_ref idref="fl-c2"/>
      </object_component>
      <object_component id="oc-7b">
         <name>.debug_frame</name>
         <load_address>0x554</load_address>
         <run_address>0x554</run_address>
         <size>0x50</size>
         <input_file_ref idref="fl-c3"/>
      </object_component>
      <object_component id="oc-17e">
         <name>.debug_frame</name>
         <load_address>0x5a4</load_address>
         <run_address>0x5a4</run_address>
         <size>0x5c</size>
         <input_file_ref idref="fl-c7"/>
      </object_component>
      <object_component id="oc-bd">
         <name>.debug_frame</name>
         <load_address>0x600</load_address>
         <run_address>0x600</run_address>
         <size>0x54</size>
         <input_file_ref idref="fl-c8"/>
      </object_component>
      <object_component id="oc-170">
         <name>.debug_frame</name>
         <load_address>0x654</load_address>
         <run_address>0x654</run_address>
         <size>0x54</size>
         <input_file_ref idref="fl-ca"/>
      </object_component>
      <object_component id="oc-102">
         <name>.debug_frame</name>
         <load_address>0x6a8</load_address>
         <run_address>0x6a8</run_address>
         <size>0x7f</size>
         <input_file_ref idref="fl-cd"/>
      </object_component>
      <object_component id="oc-13f">
         <name>.debug_frame</name>
         <load_address>0x727</load_address>
         <run_address>0x727</run_address>
         <size>0x7f</size>
         <input_file_ref idref="fl-ce"/>
      </object_component>
      <object_component id="oc-1e5">
         <name>.debug_frame</name>
         <load_address>0x7a6</load_address>
         <run_address>0x7a6</run_address>
         <size>0x7f</size>
         <input_file_ref idref="fl-ce"/>
      </object_component>
      <object_component id="oc-121">
         <name>.debug_frame</name>
         <load_address>0x825</load_address>
         <run_address>0x825</run_address>
         <size>0x8f</size>
         <input_file_ref idref="fl-ce"/>
      </object_component>
      <object_component id="oc-1c0">
         <name>.debug_frame</name>
         <load_address>0x8b4</load_address>
         <run_address>0x8b4</run_address>
         <size>0x86</size>
         <input_file_ref idref="fl-ce"/>
      </object_component>
      <object_component id="oc-139">
         <name>.debug_frame</name>
         <load_address>0x93a</load_address>
         <run_address>0x93a</run_address>
         <size>0x8a</size>
         <input_file_ref idref="fl-ce"/>
      </object_component>
      <object_component id="oc-11b">
         <name>.debug_frame</name>
         <load_address>0x9c4</load_address>
         <run_address>0x9c4</run_address>
         <size>0x86</size>
         <input_file_ref idref="fl-ce"/>
      </object_component>
      <object_component id="oc-169">
         <name>.debug_frame</name>
         <load_address>0xa4a</load_address>
         <run_address>0xa4a</run_address>
         <size>0x7f</size>
         <input_file_ref idref="fl-ce"/>
      </object_component>
      <object_component id="oc-1ba">
         <name>.debug_frame</name>
         <load_address>0xac9</load_address>
         <run_address>0xac9</run_address>
         <size>0x86</size>
         <input_file_ref idref="fl-ce"/>
      </object_component>
      <object_component id="oc-1ef">
         <name>.debug_frame</name>
         <load_address>0xb4f</load_address>
         <run_address>0xb4f</run_address>
         <size>0x7f</size>
         <input_file_ref idref="fl-ce"/>
      </object_component>
      <object_component id="oc-127">
         <name>.debug_frame</name>
         <load_address>0xbce</load_address>
         <run_address>0xbce</run_address>
         <size>0x7f</size>
         <input_file_ref idref="fl-ce"/>
      </object_component>
      <object_component id="oc-12d">
         <name>.debug_frame</name>
         <load_address>0xc4d</load_address>
         <run_address>0xc4d</run_address>
         <size>0x8a</size>
         <input_file_ref idref="fl-ce"/>
      </object_component>
      <object_component id="oc-133">
         <name>.debug_frame</name>
         <load_address>0xcd7</load_address>
         <run_address>0xcd7</run_address>
         <size>0x7f</size>
         <input_file_ref idref="fl-ce"/>
      </object_component>
      <object_component id="oc-1f2">
         <name>.debug_frame</name>
         <load_address>0xd56</load_address>
         <run_address>0xd56</run_address>
         <size>0x8e</size>
         <input_file_ref idref="fl-cf"/>
      </object_component>
      <object_component id="oc-160">
         <name>.debug_frame</name>
         <load_address>0xde4</load_address>
         <run_address>0xde4</run_address>
         <size>0x86</size>
         <input_file_ref idref="fl-cf"/>
      </object_component>
      <object_component id="oc-143">
         <name>.debug_frame</name>
         <load_address>0xe6a</load_address>
         <run_address>0xe6a</run_address>
         <size>0x86</size>
         <input_file_ref idref="fl-cf"/>
      </object_component>
      <object_component id="oc-15b">
         <name>.debug_frame</name>
         <load_address>0xef0</load_address>
         <run_address>0xef0</run_address>
         <size>0x7f</size>
         <input_file_ref idref="fl-cf"/>
      </object_component>
      <object_component id="oc-108">
         <name>.debug_frame</name>
         <load_address>0xf6f</load_address>
         <run_address>0xf6f</run_address>
         <size>0x7f</size>
         <input_file_ref idref="fl-d0"/>
      </object_component>
      <object_component id="oc-f0">
         <name>.debug_frame</name>
         <load_address>0xfee</load_address>
         <run_address>0xfee</run_address>
         <size>0x93</size>
         <input_file_ref idref="fl-d0"/>
      </object_component>
      <object_component id="oc-1c6">
         <name>.debug_frame</name>
         <load_address>0x1081</load_address>
         <run_address>0x1081</run_address>
         <size>0x7f</size>
         <input_file_ref idref="fl-d1"/>
      </object_component>
      <object_component id="oc-10e">
         <name>.debug_frame</name>
         <load_address>0x1100</load_address>
         <run_address>0x1100</run_address>
         <size>0x7f</size>
         <input_file_ref idref="fl-d2"/>
      </object_component>
      <object_component id="oc-151">
         <name>.debug_frame</name>
[...]
            <object_component_ref idref="oc-32"/>
            <object_component_ref idref="oc-3e"/>
            <object_component_ref idref="oc-38"/>
            <object_component_ref idref="oc-246"/>
            <object_component_ref idref="oc-243"/>
            <object_component_ref idref="oc-240"/>
            <object_component_ref idref="oc-24e"/>
            <object_component_ref idref="oc-1d1"/>
            <object_component_ref idref="oc-fa"/>
            <object_component_ref idref="oc-248"/>
            <object_component_ref idref="oc-1c9"/>
            <object_component_ref idref="oc-255"/>
            <object_component_ref idref="oc-68"/>
            <object_component_ref idref="oc-1e"/>
            <object_component_ref idref="oc-18"/>
            <object_component_ref idref="oc-26"/>
            <object_component_ref idref="oc-79"/>
            <object_component_ref idref="oc-2a2"/>
            <object_component_ref idref="oc-5c"/>
            <object_component_ref idref="oc-17d"/>
            <object_component_ref idref="oc-bb"/>
            <object_component_ref idref="oc-173"/>
            <object_component_ref idref="oc-101"/>
            <object_component_ref idref="oc-260"/>
            <object_component_ref idref="oc-263"/>
            <object_component_ref idref="oc-239"/>
            <object_component_ref idref="oc-13e"/>
            <object_component_ref idref="oc-1e3"/>
            <object_component_ref idref="oc-120"/>
            <object_component_ref idref="oc-1be"/>
            <object_component_ref idref="oc-137"/>
            <object_component_ref idref="oc-119"/>
            <object_component_ref idref="oc-166"/>
            <object_component_ref idref="oc-1b7"/>
            <object_component_ref idref="oc-1ec"/>
            <object_component_ref idref="oc-124"/>
            <object_component_ref idref="oc-12b"/>
            <object_component_ref idref="oc-131"/>
            <object_component_ref idref="oc-206"/>
            <object_component_ref idref="oc-20b"/>
            <object_component_ref idref="oc-267"/>
            <object_component_ref idref="oc-1f5"/>
            <object_component_ref idref="oc-163"/>
            <object_component_ref idref="oc-145"/>
            <object_component_ref idref="oc-15d"/>
            <object_component_ref idref="oc-106"/>
            <object_component_ref idref="oc-ee"/>
            <object_component_ref idref="oc-1c4"/>
            <object_component_ref idref="oc-10d"/>
            <object_component_ref idref="oc-14e"/>
            <object_component_ref idref="oc-149"/>
            <object_component_ref idref="oc-114"/>
            <object_component_ref idref="oc-155"/>
            <object_component_ref idref="oc-1fd"/>
         </contents>
      </logical_group>
      <logical_group id="lg-2d9" display="never" color="cyan">
         <name>.debug_pubtypes</name>
         <load_address>0x0</load_address>
         <run_address>0x0</run_address>
         <size>0xcb0</size>
         <contents>
            <object_component_ref idref="oc-94"/>
            <object_component_ref idref="oc-d6"/>
            <object_component_ref idref="oc-d1"/>
            <object_component_ref idref="oc-99"/>
            <object_component_ref idref="oc-1d7"/>
            <object_component_ref idref="oc-55"/>
            <object_component_ref idref="oc-ad"/>
            <object_component_ref idref="oc-e3"/>
            <object_component_ref idref="oc-60"/>
            <object_component_ref idref="oc-a5"/>
            <object_component_ref idref="oc-50"/>
            <object_component_ref idref="oc-dc"/>
            <object_component_ref idref="oc-9e"/>
            <object_component_ref idref="oc-281"/>
            <object_component_ref idref="oc-2ae"/>
            <object_component_ref idref="oc-286"/>
            <object_component_ref idref="oc-28b"/>
            <object_component_ref idref="oc-1b0"/>
            <object_component_ref idref="oc-233"/>
         </contents>
      </logical_group>
      <logical_group id="lg-2e7" display="no" color="cyan">
         <name>Veneer$$CMSE</name>
         <run_address>0x0</run_address>
         <size>0x0</size>
         <contents>
         </contents>
      </logical_group>
      <load_segment id="lg-2ec" display="no" color="cyan">
         <name>SEGMENT_0</name>
         <load_address>0x0</load_address>
         <run_address>0x0</run_address>
         <size>0x1178</size>
         <flags>0x5</flags>
         <contents>
            <logical_group_ref idref="lg-3"/>
            <logical_group_ref idref="lg-4"/>
            <logical_group_ref idref="lg-5"/>
            <logical_group_ref idref="lg-6"/>
         </contents>
      </load_segment>
      <load_segment id="lg-2ed" display="no" color="cyan">
         <name>SEGMENT_1</name>
         <run_address>0x20000000</run_address>
         <size>0x37d</size>
         <flags>0x6</flags>
         <contents>
            <logical_group_ref idref="lg-9"/>
            <logical_group_ref idref="lg-d"/>
            <logical_group_ref idref="lg-a"/>
         </contents>
      </load_segment>
   </logical_group_list>
   <placement_map>
      <memory_area display="yes" color="green">
         <name>FLASH</name>
         <page_id>0x0</page_id>
         <origin>0x0</origin>
         <length>0x40000</length>
         <used_space>0x1178</used_space>
         <unused_space>0x3ee88</unused_space>
         <attributes>RX</attributes>
         <usage_details>
            <allocated_space>
               <start_address>0x0</start_address>
               <size>0x26c</size>
               <logical_group_ref idref="lg-3"/>
            </allocated_space>
            <allocated_space>
               <start_address>0x26c</start_address>
               <size>0xb90</size>
               <logical_group_ref idref="lg-4"/>
            </allocated_space>
            <allocated_space>
               <start_address>0xdfc</start_address>
               <size>0x34c</size>
               <logical_group_ref idref="lg-5"/>
            </allocated_space>
            <allocated_space>
               <start_address>0x1148</start_address>
               <size>0x30</size>
               <logical_group_ref idref="lg-6"/>
            </allocated_space>
            <available_space>
               <start_address>0x1178</start_address>
               <size>0x3ee88</size>
            </available_space>
         </usage_details>
      </memory_area>
      <memory_area display="yes" color="green">
         <name>SRAM</name>
         <page_id>0x0</page_id>
         <origin>0x20000000</origin>
         <length>0x8000</length>
         <used_space>0x379</used_space>
         <unused_space>0x7c87</unused_space>
         <attributes>RWX</attributes>
         <usage_details>
            <allocated_space>
               <start_address>0x20000000</start_address>
               <size>0x0</size>
               <logical_group_ref idref="lg-2bc"/>
            </allocated_space>
            <allocated_space>
               <start_address>0x20000000</start_address>
               <size>0x26c</size>
               <logical_group_ref idref="lg-9"/>
            </allocated_space>
            <available_space>
               <start_address>0x2000026c</start_address>
               <size>0x4</size>
            </available_space>
            <allocated_space>
               <start_address>0x20000270</start_address>
               <size>0x100</size>
               <logical_group_ref idref="lg-d"/>
            </allocated_space>
            <allocated_space>
               <start_address>0x20000370</start_address>
               <size>0xd</size>
               <logical_group_ref idref="lg-a"/>
            </allocated_space>
            <available_space>
               <start_address>0x2000037d</start_address>
               <size>0x7c83</size>
            </available_space>
         </usage_details>
      </memory_area>
   </placement_map>
   <cptbl_list>
      <cptbl>
         <name>__TI_cinit_table</name>
         <cprec>
            <name>.data</name>
            <load_address>0x1154</load_address>
            <load_size>0xb</load_size>
            <run_address>0x20000370</run_address>
            <run_size>0xd</run_size>
            <compression>lzss</compression>
         </cprec>
         <cprec>
            <name>.vtable</name>
            <load_address>0x1160</load_address>
            <load_size>0x8</load_size>
            <run_address>0x20000000</run_address>
            <run_size>0x26c</run_size>
            <compression>zero_init</compression>
         </cprec>
      </cptbl>
   </cptbl_list>
   <handler_table>
      <handler_table_name>__TI_handler_table</handler_table_name>
      <handler>
         <index>0x0</index>
         <name>__TI_zero_init</name>
      </handler>
      <handler>
         <index>0x1</index>
         <name>__TI_decompress_lzss</name>
      </handler>
      <handler>
         <index>0x2</index>
         <name>__TI_decompress_none</name>
      </handler>
   </handler_table>
   <symbol_table>
      <symbol id="sm-1">
         <name>__STACK_TOP</name>
         <value>0x20000470</value>
      </symbol>
      <symbol id="sm-2">
         <name>__start___llvm_prf_cnts</name>
         <value>0x20000000</value>
      </symbol>
      <symbol id="sm-3">
         <name>__stop___llvm_prf_cnts</name>
         <value>0x20000000</value>
      </symbol>
      <symbol id="sm-4">
         <name>__TI_CINIT_Base</name>
         <value>0x1168</value>
      </symbol>
      <symbol id="sm-5">
         <name>__TI_CINIT_Limit</name>
         <value>0x1178</value>
      </symbol>
      <symbol id="sm-6">
         <name>__TI_Handler_Table_Base</name>
         <value>0x1148</value>
      </symbol>
      <symbol id="sm-7">
         <name>__TI_Handler_Table_Limit</name>
         <value>0x1154</value>
      </symbol>
      <symbol id="sm-8">
         <name>binit</name>
         <value>0xffffffff</value>
      </symbol>
      <symbol id="sm-9">
         <name>__binit__</name>
         <value>0xffffffff</value>
      </symbol>
      <symbol id="sm-a">
         <name>__STACK_SIZE</name>
         <value>0x100</value>
      </symbol>
      <symbol id="sm-b">
         <name>__STACK_END</name>
         <value>0x20000370</value>
      </symbol>
      <symbol id="sm-c">
         <name>__c_args__</name>
         <value>0xffffffff</value>
      </symbol>
      <symbol id="sm-d">
         <name>__TI_pprof_out_hndl</name>
         <value>0xffffffff</value>
      </symbol>
      <symbol id="sm-e">
         <name>__TI_prof_data_start</name>
         <value>0xffffffff</value>
      </symbol>
      <symbol id="sm-f">
         <name>__TI_prof_data_size</name>
         <value>0xffffffff</value>
      </symbol>
      <symbol id="sm-85">
         <name>EStopHandler</name>
         <value>0x45b</value>
         <object_component_ref idref="oc-45"/>
      </symbol>
      <symbol id="sm-86">
         <name>state</name>
         <value>0x20000374</value>
         <object_component_ref idref="oc-16a"/>
      </symbol>
      <symbol id="sm-87">
         <name>main</name>
         <value>0x45d</value>
         <object_component_ref idref="oc-be"/>
      </symbol>
      <symbol id="sm-88">
         <name>UART_setup</name>
         <value>0x9e5</value>
         <object_component_ref idref="oc-f1"/>
      </symbol>
      <symbol id="sm-89">
         <name>Timer0_EStop_IntHandler</name>
         <value>0xd63</value>
         <object_component_ref idref="oc-3f"/>
      </symbol>
      <symbol id="sm-8a">
         <name>value</name>
         <value>0x20000370</value>
         <object_component_ref idref="oc-16a"/>
      </symbol>
      <symbol id="sm-c0">
         <name>ResetISR</name>
         <value>0xdd9</value>
         <object_component_ref idref="oc-27"/>
      </symbol>
      <symbol id="sm-c1">
         <name>g_pfnVectors</name>
         <value>0x0</value>
         <object_component_ref idref="oc-12"/>
      </symbol>
      <symbol id="sm-12f">
         <name>UARTStdioConfig</name>
         <value>0x985</value>
         <object_component_ref idref="oc-1c7"/>
      </symbol>
      <symbol id="sm-130">
         <name>UARTwrite</name>
         <value>0xadd</value>
         <object_component_ref idref="oc-24b"/>
      </symbol>
      <symbol id="sm-131">
         <name>UARTprintf</name>
         <value>0xcf5</value>
         <object_component_ref idref="oc-f7"/>
      </symbol>
      <symbol id="sm-132">
         <name>UARTvprintf</name>
         <value>0x26d</value>
         <object_component_ref idref="oc-1ce"/>
      </symbol>
      <symbol id="sm-141">
         <name>__aeabi_uidivmod</name>
         <value>0xbad</value>
         <object_component_ref idref="oc-251"/>
      </symbol>
      <symbol id="sm-142">
         <name>__aeabi_uidiv</name>
         <value>0xbad</value>
         <object_component_ref idref="oc-251"/>
      </symbol>
      <symbol id="sm-15b">
         <name>__TI_zero_init_nomemset</name>
         <value>0xcd9</value>
         <object_component_ref idref="oc-65"/>
      </symbol>
      <symbol id="sm-172">
         <name>__TI_decompress_none</name>
         <value>0xd85</value>
         <object_component_ref idref="oc-1b"/>
      </symbol>
      <symbol id="sm-195">
         <name>__TI_decompress_lzss</name>
         <value>0x91d</value>
         <object_component_ref idref="oc-15"/>
      </symbol>
      <symbol id="sm-1a8">
         <name>__stack</name>
         <value>0x20000270</value>
         <object_component_ref idref="oc-24"/>
      </symbol>
      <symbol id="sm-1a9">
         <name>_c_int00_noargs</name>
         <value>0xc55</value>
         <object_component_ref idref="oc-77"/>
      </symbol>
      <symbol id="sm-1b3">
         <name>__aeabi_idiv0</name>
         <value>0xdab</value>
         <object_component_ref idref="oc-29e"/>
      </symbol>
      <symbol id="sm-1b4">
         <name>__aeabi_ldiv0</name>
         <value>0xdab</value>
         <object_component_ref idref="oc-29e"/>
      </symbol>
      <symbol id="sm-1d0">
         <name>memcpy</name>
         <value>0x819</value>
         <object_component_ref idref="oc-59"/>
      </symbol>
      <symbol id="sm-1d1">
         <name>__aeabi_memcpy</name>
         <value>0x819</value>
         <object_component_ref idref="oc-59"/>
      </symbol>
      <symbol id="sm-1d2">
         <name>__aeabi_memcpy8</name>
         <value>0x819</value>
         <object_component_ref idref="oc-59"/>
      </symbol>
      <symbol id="sm-1d3">
         <name>__aeabi_memcpy4</name>
         <value>0x819</value>
         <object_component_ref idref="oc-59"/>
      </symbol>
      <symbol id="sm-1fb">
         <name>__TI_auto_init_nobinit_nopinit</name>
         <value>0xb69</value>
         <object_component_ref idref="oc-17a"/>
      </symbol>
      <symbol id="sm-205">
         <name>_system_pre_init</name>
         <value>0xdf5</value>
         <object_component_ref idref="oc-b8"/>
      </symbol>
      <symbol id="sm-211">
         <name>C$$EXIT</name>
         <value>0xdf9</value>
         <object_component_ref idref="oc-16e"/>
      </symbol>
      <symbol id="sm-212">
         <name>abort</name>
         <value>0xdf9</value>
         <object_component_ref idref="oc-16e"/>
      </symbol>
      <symbol id="sm-225">
         <name>FPULazyStackingEnable</name>
         <value>0xd65</value>
         <object_component_ref idref="oc-fd"/>
      </symbol>
      <symbol id="sm-2ae">
         <name>GPIOIntRegister</name>
         <value>0xd0f</value>
         <object_component_ref idref="oc-128"/>
      </symbol>
      <symbol id="sm-2af">
         <name>GPIOPinConfigure</name>
         <value>0xa95</value>
         <object_component_ref idref="oc-1b5"/>
      </symbol>
      <symbol id="sm-2b0">
         <name>GPIOIntEnable</name>
         <value>0xd9f</value>
         <object_component_ref idref="oc-12e"/>
      </symbol>
      <symbol id="sm-2b1">
         <name>GPIOIntTypeSet</name>
         <value>0xa3d</value>
         <object_component_ref idref="oc-122"/>
      </symbol>
      <symbol id="sm-2b2">
         <name>GPIOPinTypeGPIOInput</name>
         <value>0xd3f</value>
         <object_component_ref idref="oc-116"/>
      </symbol>
      <symbol id="sm-2b3">
         <name>GPIOPinTypeUART</name>
         <value>0xd51</value>
         <object_component_ref idref="oc-1bb"/>
      </symbol>
      <symbol id="sm-2b4">
         <name>GPIOPinTypeGPIOOutput</name>
         <value>0xd27</value>
         <object_component_ref idref="oc-134"/>
      </symbol>
      <symbol id="sm-2b5">
         <name>GPIOPinRead</name>
         <value>0xdcd</value>
         <object_component_ref idref="oc-164"/>
      </symbol>
      <symbol id="sm-2b6">
         <name>GPIODirModeSet</name>
         <value>0xc89</value>
         <object_component_ref idref="oc-1e0"/>
      </symbol>
      <symbol id="sm-2b7">
         <name>GPIOPinWrite</name>
         <value>0xdd3</value>
         <object_component_ref idref="oc-13a"/>
      </symbol>
      <symbol id="sm-2b8">
         <name>GPIOPadConfigSet</name>
         <value>0x5f1</value>
         <object_component_ref idref="oc-11c"/>
      </symbol>
      <symbol id="sm-30b">
         <name>IntPrioritySet</name>
         <value>0xcb5</value>
         <object_component_ref idref="oc-15e"/>
      </symbol>
      <symbol id="sm-30c">
         <name>IntEnable</name>
         <value>0x8b5</value>
         <object_component_ref idref="oc-158"/>
      </symbol>
      <symbol id="sm-30d">
         <name>IntRegister</name>
         <value>0xbed</value>
         <object_component_ref idref="oc-1f0"/>
      </symbol>
      <symbol id="sm-30e">
         <name>g_pfnRAMVectors</name>
         <value>0x20000000</value>
         <object_component_ref idref="oc-265"/>
      </symbol>
      <symbol id="sm-30f">
         <name>IntMasterEnable</name>
         <value>0xd75</value>
         <object_component_ref idref="oc-140"/>
      </symbol>
      <symbol id="sm-33b">
         <name>SysCtlClockSet</name>
         <value>0x725</value>
         <object_component_ref idref="oc-eb"/>
      </symbol>
      <symbol id="sm-33c">
         <name>SysCtlDelay</name>
         <value>0xddf</value>
         <object_component_ref idref="oc-109"/>
      </symbol>
      <symbol id="sm-33d">
         <name>SysCtlPeripheralEnable</name>
         <value>0xc21</value>
         <object_component_ref idref="oc-103"/>
      </symbol>
      <symbol id="sm-34a">
         <name>UARTClockSourceSet</name>
         <value>0xde5</value>
         <object_component_ref idref="oc-1c1"/>
      </symbol>
      <symbol id="sm-379">
         <name>WatchdogIntClear</name>
         <value>0xdeb</value>
         <object_component_ref idref="oc-110"/>
      </symbol>
      <symbol id="sm-37a">
         <name>WatchdogUnlock</name>
         <value>0xdad</value>
         <object_component_ref idref="oc-10a"/>
      </symbol>
      <symbol id="sm-37b">
         <name>WatchdogReloadSet</name>
         <value>0xdf1</value>
         <object_component_ref idref="oc-14c"/>
      </symbol>
      <symbol id="sm-37c">
         <name>WatchdogEnable</name>
         <value>0xdb9</value>
         <object_component_ref idref="oc-152"/>
      </symbol>
      <symbol id="sm-37d">
         <name>WatchdogIntEnable</name>
         <value>0xdc3</value>
         <object_component_ref idref="oc-146"/>
      </symbol>
      <symbol id="sm-387">
         <name>CPUcpsie</name>
         <value>0xd93</value>
         <object_component_ref idref="oc-1fa"/>
      </symbol>
      <symbol id="sm-388">
         <name>__TI_static_base__</name>
         <value>0x0</value>
      </symbol>
      <symbol id="sm-38b">
         <name>__mpu_init</name>
         <value>0x0</value>
      </symbol>
      <symbol id="sm-38c">
         <name>_system_post_cinit</name>
         <value>0x0</value>
      </symbol>
   </symbol_table>
   <title>Link successful</title>
</link_info>
